aecho 
eval _center When I was a child I had a fever
eval _center My hands felt just like two balloons
eval _center I've got that feeling once again
eval _center I can't explain, you would not understand
eval _center This is not how I am
eval _center I have become comfortably numb
aecho
eval _center Pink Floyd - Comfortably numb.
aecho
aecho
eval _center Note: see /about for additional information.
aecho
